============================= test session starts =============================
platform win32 -- Python 3.13.9, pytest-8.4.2, pluggy-1.5.0
rootdir: D:\all programss\Q\QAOA-Tuner
configfile: pyproject.toml
testpaths: tests
plugins: anyio-4.10.0, asyncio-1.4.0
asyncio: mode=Mode.STRICT, debug=False, asyncio_default_fixture_loop_scope=None, asyncio_default_test_loop_scope=function
collected 115 items

tests\test_experiment.py .....                                           [  4%]
tests\test_graph.py ....................                                 [ 21%]
tests\test_mitigation.py .................................               [ 50%]
tests\test_noise.py .........                                            [ 58%]
tests\test_qaoa.py ..........                                            [ 66%]
tests\test_transpiler.py ........                                        [ 73%]
tests\test_tuner.py ....................EEEEEEE...                       [100%]

=================================== ERRORS ====================================
_ ERROR at setup of test_tuner_runs_every_configuration_and_reports_progress __

    @pytest.fixture(scope="module")
    def tiny_result():
        from qaoa_tuner.problem.generators import create_cycle_graph
        from qaoa_tuner.tuner.tuner import ConfigurationTuner
    
        settings = TunerSettings(
            graph_dict=create_cycle_graph(4).to_dict(), num_colors=2,
            noise_profile="realistic_superconducting", backend_name="fake_linear_5q",
            shots=256, seed=3, max_iter=3, zne_scale_factors=(1, 3),
        )
        space = ConfigurationSpace(depths=(1,), optimizers=("COBYLA",), optimization_levels=(0, 1),
                                   mitigations=("none", "readout", "zne"))
        calls = []
        result = ConfigurationTuner(settings, space).run(lambda d, t, label: calls.append((d, t)))
>       result.calls = calls  # type: ignore[attr-defined]
        ^^^^^^^^^^^^

tests\test_tuner.py:203: 
_ _ _ _ _ _ _ _ _ _ _ _ _ _ _ _ _ _ _ _ _ _ _ _ _ _ _ _ _ _ _ _ _ _ _ _ _ _ _ _

self = TunerResult(settings={'graph_dict': {'name': 'cycle_4', 'num_nodes': 4, 'edges': [[0, 1], [0, 3], [1, 2], [2, 3]]}, 'n...=[])], wall_time_seconds=0.33531540000694804, software={'python': '3.13.9', 'qiskit': '2.2.3', 'qiskit_aer': '0.17.2'})
name = 'calls', value = [(1, 6), (2, 6), (3, 6), (4, 6), (5, 6), (6, 6)]

>   ???
E   dataclasses.FrozenInstanceError: cannot assign to field 'calls'

<string>:23: FrozenInstanceError
____________ ERROR at setup of test_record_metrics_are_consistent _____________

    @pytest.fixture(scope="module")
    def tiny_result():
        from qaoa_tuner.problem.generators import create_cycle_graph
        from qaoa_tuner.tuner.tuner import ConfigurationTuner
    
        settings = TunerSettings(
            graph_dict=create_cycle_graph(4).to_dict(), num_colors=2,
            noise_profile="realistic_superconducting", backend_name="fake_linear_5q",
            shots=256, seed=3, max_iter=3, zne_scale_factors=(1, 3),
        )
        space = ConfigurationSpace(depths=(1,), optimizers=("COBYLA",), optimization_levels=(0, 1),
                                   mitigations=("none", "readout", "zne"))
        calls = []
        result = ConfigurationTuner(settings, space).run(lambda d, t, label: calls.append((d, t)))
>       result.calls = calls  # type: ignore[attr-defined]
        ^^^^^^^^^^^^

tests\test_tuner.py:203: 
_ _ _ _ _ _ _ _ _ _ _ _ _ _ _ _ _ _ _ _ _ _ _ _ _ _ _ _ _ _ _ _ _ _ _ _ _ _ _ _

self = TunerResult(settings={'graph_dict': {'name': 'cycle_4', 'num_nodes': 4, 'edges': [[0, 1], [0, 3], [1, 2], [2, 3]]}, 'n...=[])], wall_time_seconds=0.33531540000694804, software={'python': '3.13.9', 'qiskit': '2.2.3', 'qiskit_aer': '0.17.2'})
name = 'calls', value = [(1, 6), (2, 6), (3, 6), (4, 6), (5, 6), (6, 6)]

>   ???
E   dataclasses.FrozenInstanceError: cannot assign to field 'calls'

<string>:23: FrozenInstanceError
______________ ERROR at setup of test_mitigation_cost_accounting ______________

    @pytest.fixture(scope="module")
    def tiny_result():
        from qaoa_tuner.problem.generators import create_cycle_graph
        from qaoa_tuner.tuner.tuner import ConfigurationTuner
    
        settings = TunerSettings(
            graph_dict=create_cycle_graph(4).to_dict(), num_colors=2,
            noise_profile="realistic_superconducting", backend_name="fake_linear_5q",
            shots=256, seed=3, max_iter=3, zne_scale_factors=(1, 3),
        )
        space = ConfigurationSpace(depths=(1,), optimizers=("COBYLA",), optimization_levels=(0, 1),
                                   mitigations=("none", "readout", "zne"))
        calls = []
        result = ConfigurationTuner(settings, space).run(lambda d, t, label: calls.append((d, t)))
>       result.calls = calls  # type: ignore[attr-defined]
        ^^^^^^^^^^^^

tests\test_tuner.py:203: 
_ _ _ _ _ _ _ _ _ _ _ _ _ _ _ _ _ _ _ _ _ _ _ _ _ _ _ _ _ _ _ _ _ _ _ _ _ _ _ _

self = TunerResult(settings={'graph_dict': {'name': 'cycle_4', 'num_nodes': 4, 'edges': [[0, 1], [0, 3], [1, 2], [2, 3]]}, 'n...=[])], wall_time_seconds=0.33531540000694804, software={'python': '3.13.9', 'qiskit': '2.2.3', 'qiskit_aer': '0.17.2'})
name = 'calls', value = [(1, 6), (2, 6), (3, 6), (4, 6), (5, 6), (6, 6)]

>   ???
E   dataclasses.FrozenInstanceError: cannot assign to field 'calls'

<string>:23: FrozenInstanceError
_____ ERROR at setup of test_pareto_flags_match_independent_recomputation _____

    @pytest.fixture(scope="module")
    def tiny_result():
        from qaoa_tuner.problem.generators import create_cycle_graph
        from qaoa_tuner.tuner.tuner import ConfigurationTuner
    
        settings = TunerSettings(
            graph_dict=create_cycle_graph(4).to_dict(), num_colors=2,
            noise_profile="realistic_superconducting", backend_name="fake_linear_5q",
            shots=256, seed=3, max_iter=3, zne_scale_factors=(1, 3),
        )
        space = ConfigurationSpace(depths=(1,), optimizers=("COBYLA",), optimization_levels=(0, 1),
                                   mitigations=("none", "readout", "zne"))
        calls = []
        result = ConfigurationTuner(settings, space).run(lambda d, t, label: calls.append((d, t)))
>       result.calls = calls  # type: ignore[attr-defined]
        ^^^^^^^^^^^^

tests\test_tuner.py:203: 
_ _ _ _ _ _ _ _ _ _ _ _ _ _ _ _ _ _ _ _ _ _ _ _ _ _ _ _ _ _ _ _ _ _ _ _ _ _ _ _

self = TunerResult(settings={'graph_dict': {'name': 'cycle_4', 'num_nodes': 4, 'edges': [[0, 1], [0, 3], [1, 2], [2, 3]]}, 'n...=[])], wall_time_seconds=0.33531540000694804, software={'python': '3.13.9', 'qiskit': '2.2.3', 'qiskit_aer': '0.17.2'})
name = 'calls', value = [(1, 6), (2, 6), (3, 6), (4, 6), (5, 6), (6, 6)]

>   ???
E   dataclasses.FrozenInstanceError: cannot assign to field 'calls'

<string>:23: FrozenInstanceError
_ ERROR at setup of test_baseline_is_never_dominated_by_a_mitigated_configuration _

    @pytest.fixture(scope="module")
    def tiny_result():
        from qaoa_tuner.problem.generators import create_cycle_graph
        from qaoa_tuner.tuner.tuner import ConfigurationTuner
    
        settings = TunerSettings(
            graph_dict=create_cycle_graph(4).to_dict(), num_colors=2,
            noise_profile="realistic_superconducting", backend_name="fake_linear_5q",
            shots=256, seed=3, max_iter=3, zne_scale_factors=(1, 3),
        )
        space = ConfigurationSpace(depths=(1,), optimizers=("COBYLA",), optimization_levels=(0, 1),
                                   mitigations=("none", "readout", "zne"))
        calls = []
        result = ConfigurationTuner(settings, space).run(lambda d, t, label: calls.append((d, t)))
>       result.calls = calls  # type: ignore[attr-defined]
        ^^^^^^^^^^^^

tests\test_tuner.py:203: 
_ _ _ _ _ _ _ _ _ _ _ _ _ _ _ _ _ _ _ _ _ _ _ _ _ _ _ _ _ _ _ _ _ _ _ _ _ _ _ _

self = TunerResult(settings={'graph_dict': {'name': 'cycle_4', 'num_nodes': 4, 'edges': [[0, 1], [0, 3], [1, 2], [2, 3]]}, 'n...=[])], wall_time_seconds=0.33531540000694804, software={'python': '3.13.9', 'qiskit': '2.2.3', 'qiskit_aer': '0.17.2'})
name = 'calls', value = [(1, 6), (2, 6), (3, 6), (4, 6), (5, 6), (6, 6)]

>   ???
E   dataclasses.FrozenInstanceError: cannot assign to field 'calls'

<string>:23: FrozenInstanceError
_________ ERROR at setup of test_pareto_groups_partition_the_frontier _________

    @pytest.fixture(scope="module")
    def tiny_result():
        from qaoa_tuner.problem.generators import create_cycle_graph
        from qaoa_tuner.tuner.tuner import ConfigurationTuner
    
        settings = TunerSettings(
            graph_dict=create_cycle_graph(4).to_dict(), num_colors=2,
            noise_profile="realistic_superconducting", backend_name="fake_linear_5q",
            shots=256, seed=3, max_iter=3, zne_scale_factors=(1, 3),
        )
        space = ConfigurationSpace(depths=(1,), optimizers=("COBYLA",), optimization_levels=(0, 1),
                                   mitigations=("none", "readout", "zne"))
        calls = []
        result = ConfigurationTuner(settings, space).run(lambda d, t, label: calls.append((d, t)))
>       result.calls = calls  # type: ignore[attr-defined]
        ^^^^^^^^^^^^

tests\test_tuner.py:203: 
_ _ _ _ _ _ _ _ _ _ _ _ _ _ _ _ _ _ _ _ _ _ _ _ _ _ _ _ _ _ _ _ _ _ _ _ _ _ _ _

self = TunerResult(settings={'graph_dict': {'name': 'cycle_4', 'num_nodes': 4, 'edges': [[0, 1], [0, 3], [1, 2], [2, 3]]}, 'n...=[])], wall_time_seconds=0.33531540000694804, software={'python': '3.13.9', 'qiskit': '2.2.3', 'qiskit_aer': '0.17.2'})
name = 'calls', value = [(1, 6), (2, 6), (3, 6), (4, 6), (5, 6), (6, 6)]

>   ???
E   dataclasses.FrozenInstanceError: cannot assign to field 'calls'

<string>:23: FrozenInstanceError
_________ ERROR at setup of test_result_serialization_and_provenance __________

    @pytest.fixture(scope="module")
    def tiny_result():
        from qaoa_tuner.problem.generators import create_cycle_graph
        from qaoa_tuner.tuner.tuner import ConfigurationTuner
    
        settings = TunerSettings(
            graph_dict=create_cycle_graph(4).to_dict(), num_colors=2,
            noise_profile="realistic_superconducting", backend_name="fake_linear_5q",
            shots=256, seed=3, max_iter=3, zne_scale_factors=(1, 3),
        )
        space = ConfigurationSpace(depths=(1,), optimizers=("COBYLA",), optimization_levels=(0, 1),
                                   mitigations=("none", "readout", "zne"))
        calls = []
        result = ConfigurationTuner(settings, space).run(lambda d, t, label: calls.append((d, t)))
>       result.calls = calls  # type: ignore[attr-defined]
        ^^^^^^^^^^^^

tests\test_tuner.py:203: 
_ _ _ _ _ _ _ _ _ _ _ _ _ _ _ _ _ _ _ _ _ _ _ _ _ _ _ _ _ _ _ _ _ _ _ _ _ _ _ _

self = TunerResult(settings={'graph_dict': {'name': 'cycle_4', 'num_nodes': 4, 'edges': [[0, 1], [0, 3], [1, 2], [2, 3]]}, 'n...=[])], wall_time_seconds=0.33531540000694804, software={'python': '3.13.9', 'qiskit': '2.2.3', 'qiskit_aer': '0.17.2'})
name = 'calls', value = [(1, 6), (2, 6), (3, 6), (4, 6), (5, 6), (6, 6)]

>   ???
E   dataclasses.FrozenInstanceError: cannot assign to field 'calls'

<string>:23: FrozenInstanceError
============================== warnings summary ===============================
tests/test_tuner.py::test_tuner_runs_every_configuration_and_reports_progress
tests/test_tuner.py::test_tuner_is_reproducible_for_a_fixed_seed
  D:\Users\mital\anaconda3\Lib\site-packages\scipy\_lib\pyprima\common\preproc.py:68: UserWarning: COBYLA: Invalid MAXFUN; it should be at least num_vars + 2; it is set to 4
    warn(f'{solver}: Invalid MAXFUN; it should be at least {min_maxfun_str}; it is set to {maxfun}')

-- Docs: https://docs.pytest.org/en/stable/how-to/capture-warnings.html
=========================== short test summary info ===========================
ERROR tests/test_tuner.py::test_tuner_runs_every_configuration_and_reports_progress
ERROR tests/test_tuner.py::test_record_metrics_are_consistent - dataclasses.F...
ERROR tests/test_tuner.py::test_mitigation_cost_accounting - dataclasses.Froz...
ERROR tests/test_tuner.py::test_pareto_flags_match_independent_recomputation
ERROR tests/test_tuner.py::test_baseline_is_never_dominated_by_a_mitigated_configuration
ERROR tests/test_tuner.py::test_pareto_groups_partition_the_frontier - datacl...
ERROR tests/test_tuner.py::test_result_serialization_and_provenance - datacla...
================= 108 passed, 2 warnings, 7 errors in 23.70s ==================
